node:internal/modules/esm/resolve:241
    throw new ERR_MODULE_NOT_FOUND(
          ^

Error [ERR_MODULE_NOT_FOUND]: Cannot find module '/Users/serein-b/Documents/Codex/worker/current-evidence-scope.mjs' imported from /Users/serein-b/Documents/Codex/2026-07-31/referenced-chatgpt-conversation-this-is-an/probe-01-canonical-identity.mjs
    at finalizeResolution (node:internal/modules/esm/resolve:241:11)
    at moduleResolve (node:internal/modules/esm/resolve:846:10)
    at defaultResolve (node:internal/modules/esm/resolve:973:11)
    at #cachedDefaultResolve (node:internal/modules/esm/loader:708:20)
    at #resolveAndMaybeBlockOnLoaderThread (node:internal/modules/esm/loader:728:38)
    at ModuleLoader.resolveSync (node:internal/modules/esm/loader:766:56)
    at #resolve (node:internal/modules/esm/loader:690:17)
    at ModuleLoader.getOrCreateModuleJob (node:internal/modules/esm/loader:610:35)
    at ModuleJob.syncLink (node:internal/modules/esm/module_job:277:33)
    at ModuleJob.link (node:internal/modules/esm/module_job:389:17) {
  code: 'ERR_MODULE_NOT_FOUND',
  url: 'file:///Users/serein-b/Documents/Codex/worker/current-evidence-scope.mjs'
}

Node.js v26.9.0
